Archive member included to satisfy reference by file (symbol)

/usr/lib/x86_64-linux-gnu/libc_nonshared.a(elf-init.oS)
                              /usr/lib/gcc/x86_64-linux-gnu/5/../../../x86_64-linux-gnu/crt1.o (__libc_csu_init)

As-needed library included to satisfy reference by file (symbol)

libpthread.so.0               build_rs232/gpio.o (write@@GLIBC_2.2.5)
libm.so.6                     build_rs232/ili9340.o (sqrt@@GLIBC_2.2.5)
libc.so.6                     build_rs232/main.o (__printf_chk@@GLIBC_2.3.4)

Allocating common symbols
Common symbol       size              file

_width              0x4               build_rs232/ili9340.o
_FONT_FILL_COLOR_   0x2               build_rs232/ili9340.o
_offsetx            0x4               build_rs232/ili9340.o
_FONT_FILL_         0x2               build_rs232/ili9340.o
_height             0x4               build_rs232/ili9340.o
_offsety            0x4               build_rs232/ili9340.o
_FONT_DIRECTION_    0x2               build_rs232/ili9340.o
_FONT_UNDER_LINE_   0x2               build_rs232/ili9340.o
_FONT_UNDER_LINE_COLOR_
                    0x2               build_rs232/ili9340.o

Discarded input sections

 .note.GNU-stack
                0x0000000000000000        0x0 /usr/lib/gcc/x86_64-linux-gnu/5/../../../x86_64-linux-gnu/crt1.o
 .note.GNU-stack
                0x0000000000000000        0x0 /usr/lib/gcc/x86_64-linux-gnu/5/../../../x86_64-linux-gnu/crti.o
 .note.GNU-stack
                0x0000000000000000        0x0 /usr/lib/gcc/x86_64-linux-gnu/5/crtbegin.o
 .note.GNU-stack
                0x0000000000000000        0x0 build_rs232/main.o
 .note.GNU-stack
                0x0000000000000000        0x0 build_rs232/fontx.o
 .note.GNU-stack
                0x0000000000000000        0x0 build_rs232/ili9340.o
 .note.GNU-stack
                0x0000000000000000        0x0 build_rs232/gpio.o
 .note.GNU-stack
                0x0000000000000000        0x0 build_rs232/rs232.o
 .note.GNU-stack
                0x0000000000000000        0x0 /usr/lib/x86_64-linux-gnu/libc_nonshared.a(elf-init.oS)
 .note.GNU-stack
                0x0000000000000000        0x0 /usr/lib/gcc/x86_64-linux-gnu/5/crtend.o
 .note.GNU-stack
                0x0000000000000000        0x0 /usr/lib/gcc/x86_64-linux-gnu/5/../../../x86_64-linux-gnu/crtn.o

Memory Configuration

Name             Origin             Length             Attributes
*default*        0x0000000000000000 0xffffffffffffffff

Linker script and memory map

LOAD /usr/lib/gcc/x86_64-linux-gnu/5/../../../x86_64-linux-gnu/crt1.o
LOAD /usr/lib/gcc/x86_64-linux-gnu/5/../../../x86_64-linux-gnu/crti.o
LOAD /usr/lib/gcc/x86_64-linux-gnu/5/crtbegin.o
LOAD build_rs232/main.o
LOAD build_rs232/fontx.o
LOAD build_rs232/ili9340.o
LOAD build_rs232/gpio.o
LOAD build_rs232/rs232.o
LOAD /usr/lib/gcc/x86_64-linux-gnu/5/../../../x86_64-linux-gnu/libpthread.so
START GROUP
LOAD /lib/x86_64-linux-gnu/libpthread.so.0
LOAD /usr/lib/x86_64-linux-gnu/libpthread_nonshared.a
END GROUP
LOAD /usr/lib/gcc/x86_64-linux-gnu/5/../../../x86_64-linux-gnu/librt.so
LOAD /usr/lib/gcc/x86_64-linux-gnu/5/libstdc++.so
LOAD /usr/lib/gcc/x86_64-linux-gnu/5/../../../x86_64-linux-gnu/libm.so
START GROUP
LOAD /lib/x86_64-linux-gnu/libm.so.6
LOAD /usr/lib/x86_64-linux-gnu/libmvec_nonshared.a
LOAD /lib/x86_64-linux-gnu/libmvec.so.1
END GROUP
LOAD /usr/lib/gcc/x86_64-linux-gnu/5/libgcc_s.so
LOAD /usr/lib/gcc/x86_64-linux-gnu/5/libgcc.a
LOAD /usr/lib/gcc/x86_64-linux-gnu/5/../../../x86_64-linux-gnu/libc.so
START GROUP
LOAD /lib/x86_64-linux-gnu/libc.so.6
LOAD /usr/lib/x86_64-linux-gnu/libc_nonshared.a
LOAD /lib/x86_64-linux-gnu/ld-linux-x86-64.so.2
END GROUP
LOAD /usr/lib/gcc/x86_64-linux-gnu/5/libgcc_s.so
LOAD /usr/lib/gcc/x86_64-linux-gnu/5/libgcc.a
LOAD /usr/lib/gcc/x86_64-linux-gnu/5/crtend.o
LOAD /usr/lib/gcc/x86_64-linux-gnu/5/../../../x86_64-linux-gnu/crtn.o
                [!provide]                        PROVIDE (__executable_start, 0x400000)
                0x0000000000400238                . = (0x400000 + SIZEOF_HEADERS)

.interp         0x0000000000400238       0x1c
 *(.interp)
 .interp        0x0000000000400238       0x1c /usr/lib/gcc/x86_64-linux-gnu/5/../../../x86_64-linux-gnu/crt1.o

.note.ABI-tag   0x0000000000400254       0x20
 .note.ABI-tag  0x0000000000400254       0x20 /usr/lib/gcc/x86_64-linux-gnu/5/../../../x86_64-linux-gnu/crt1.o

.note.gnu.build-id
                0x0000000000400274       0x24
 *(.note.gnu.build-id)
 .note.gnu.build-id
                0x0000000000400274       0x24 /usr/lib/gcc/x86_64-linux-gnu/5/../../../x86_64-linux-gnu/crt1.o

.hash
 *(.hash)

.gnu.hash       0x0000000000400298       0x24
 *(.gnu.hash)
 .gnu.hash      0x0000000000400298       0x24 /usr/lib/gcc/x86_64-linux-gnu/5/../../../x86_64-linux-gnu/crt1.o

.dynsym         0x00000000004002c0      0x420
 *(.dynsym)
 .dynsym        0x00000000004002c0      0x420 /usr/lib/gcc/x86_64-linux-gnu/5/../../../x86_64-linux-gnu/crt1.o

.dynstr         0x00000000004006e0      0x1c5
 *(.dynstr)
 .dynstr        0x00000000004006e0      0x1c5 /usr/lib/gcc/x86_64-linux-gnu/5/../../../x86_64-linux-gnu/crt1.o

.gnu.version    0x00000000004008a6       0x58
 *(.gnu.version)
 .gnu.version   0x00000000004008a6       0x58 /usr/lib/gcc/x86_64-linux-gnu/5/../../../x86_64-linux-gnu/crt1.o

.gnu.version_d  0x0000000000400900        0x0
 *(.gnu.version_d)
 .gnu.version_d
                0x0000000000400900        0x0 /usr/lib/gcc/x86_64-linux-gnu/5/../../../x86_64-linux-gnu/crt1.o

.gnu.version_r  0x0000000000400900       0x80
 *(.gnu.version_r)
 .gnu.version_r
                0x0000000000400900       0x80 /usr/lib/gcc/x86_64-linux-gnu/5/../../../x86_64-linux-gnu/crt1.o

.rela.dyn       0x0000000000400980       0x30
 *(.rela.init)
 *(.rela.text .rela.text.* .rela.gnu.linkonce.t.*)
 .rela.text     0x0000000000400980        0x0 /usr/lib/gcc/x86_64-linux-gnu/5/../../../x86_64-linux-gnu/crt1.o
 .rela.text.startup
                0x0000000000400980        0x0 /usr/lib/gcc/x86_64-linux-gnu/5/../../../x86_64-linux-gnu/crt1.o
 *(.rela.fini)
 *(.rela.rodata .rela.rodata.* .rela.gnu.linkonce.r.*)
 *(.rela.data .rela.data.* .rela.gnu.linkonce.d.*)
 *(.rela.tdata .rela.tdata.* .rela.gnu.linkonce.td.*)
 *(.rela.tbss .rela.tbss.* .rela.gnu.linkonce.tb.*)
 *(.rela.ctors)
 *(.rela.dtors)
 *(.rela.got)
 .rela.got      0x0000000000400980       0x18 /usr/lib/gcc/x86_64-linux-gnu/5/../../../x86_64-linux-gnu/crt1.o
 *(.rela.bss .rela.bss.* .rela.gnu.linkonce.b.*)
 .rela.bss      0x0000000000400998       0x18 /usr/lib/gcc/x86_64-linux-gnu/5/../../../x86_64-linux-gnu/crt1.o
 *(.rela.ldata .rela.ldata.* .rela.gnu.linkonce.l.*)
 *(.rela.lbss .rela.lbss.* .rela.gnu.linkonce.lb.*)
 *(.rela.lrodata .rela.lrodata.* .rela.gnu.linkonce.lr.*)
 *(.rela.ifunc)

.rela.plt       0x00000000004009b0      0x390
 *(.rela.plt)
 .rela.plt      0x00000000004009b0      0x390 /usr/lib/gcc/x86_64-linux-gnu/5/../../../x86_64-linux-gnu/crt1.o
                [!provide]                        PROVIDE (__rela_iplt_start, .)
 *(.rela.iplt)
 .rela.iplt     0x0000000000400d40        0x0 /usr/lib/gcc/x86_64-linux-gnu/5/../../../x86_64-linux-gnu/crt1.o
                [!provide]                        PROVIDE (__rela_iplt_end, .)

.init           0x0000000000400d40       0x1a
 *(SORT(.init))
 .init          0x0000000000400d40       0x15 /usr/lib/gcc/x86_64-linux-gnu/5/../../../x86_64-linux-gnu/crti.o
                0x0000000000400d40                _init
 .init          0x0000000000400d55        0x5 /usr/lib/gcc/x86_64-linux-gnu/5/../../../x86_64-linux-gnu/crtn.o

.plt            0x0000000000400d60      0x270
 *(.plt)
 .plt           0x0000000000400d60      0x270 /usr/lib/gcc/x86_64-linux-gnu/5/../../../x86_64-linux-gnu/crt1.o
                0x0000000000400d70                free@@GLIBC_2.2.5
                0x0000000000400d80                putchar@@GLIBC_2.2.5
                0x0000000000400d90                iconv@@GLIBC_2.2.5
                0x0000000000400da0                puts@@GLIBC_2.2.5
                0x0000000000400db0                fread@@GLIBC_2.2.5
                0x0000000000400dc0                tcdrain@@GLIBC_2.2.5
                0x0000000000400dd0                write@@GLIBC_2.2.5
                0x0000000000400de0                fclose@@GLIBC_2.2.5
                0x0000000000400df0                opendir@@GLIBC_2.2.5
                0x0000000000400e00                cfsetospeed@@GLIBC_2.2.5
                0x0000000000400e10                strlen@@GLIBC_2.2.5
                0x0000000000400e20                __stack_chk_fail@@GLIBC_2.4
                0x0000000000400e30                printf@@GLIBC_2.2.5
                0x0000000000400e40                snprintf@@GLIBC_2.2.5
                0x0000000000400e50                memset@@GLIBC_2.2.5
                0x0000000000400e60                close@@GLIBC_2.2.5
                0x0000000000400e70                closedir@@GLIBC_2.2.5
                0x0000000000400e80                read@@GLIBC_2.2.5
                0x0000000000400e90                __libc_start_main@@GLIBC_2.2.5
                0x0000000000400ea0                memcmp@@GLIBC_2.2.5
                0x0000000000400eb0                strcmp@@GLIBC_2.2.5
                0x0000000000400ec0                fprintf@@GLIBC_2.2.5
                0x0000000000400ed0                readdir@@GLIBC_2.2.5
                0x0000000000400ee0                fseek@@GLIBC_2.2.5
                0x0000000000400ef0                __printf_chk@@GLIBC_2.3.4
                0x0000000000400f00                iconv_close@@GLIBC_2.2.5
                0x0000000000400f10                tcgetattr@@GLIBC_2.2.5
                0x0000000000400f20                tcsetattr@@GLIBC_2.2.5
                0x0000000000400f30                open@@GLIBC_2.2.5
                0x0000000000400f40                fopen@@GLIBC_2.2.5
                0x0000000000400f50                cfsetispeed@@GLIBC_2.2.5
                0x0000000000400f60                perror@@GLIBC_2.2.5
                0x0000000000400f70                atoi@@GLIBC_2.2.5
                0x0000000000400f80                sprintf@@GLIBC_2.2.5
                0x0000000000400f90                sqrt@@GLIBC_2.2.5
                0x0000000000400fa0                strdup@@GLIBC_2.2.5
                0x0000000000400fb0                sleep@@GLIBC_2.2.5
                0x0000000000400fc0                iconv_open@@GLIBC_2.2.5
 *(.iplt)
 .iplt          0x0000000000400fd0        0x0 /usr/lib/gcc/x86_64-linux-gnu/5/../../../x86_64-linux-gnu/crt1.o

.plt.got        0x0000000000400fd0        0x8
 *(.plt.got)
 .plt.got       0x0000000000400fd0        0x8 /usr/lib/gcc/x86_64-linux-gnu/5/../../../x86_64-linux-gnu/crt1.o

.plt.bnd
 *(.plt.bnd)

.text           0x0000000000400fe0     0x3fa2
 *(.text.unlikely .text.*_unlikely .text.unlikely.*)
 .text.unlikely
                0x0000000000400fe0        0x0 /usr/lib/gcc/x86_64-linux-gnu/5/crtbegin.o
 .text.unlikely
                0x0000000000400fe0        0x0 build_rs232/main.o
 .text.unlikely
                0x0000000000400fe0        0x0 /usr/lib/x86_64-linux-gnu/libc_nonshared.a(elf-init.oS)
 *(.text.exit .text.exit.*)
 *(.text.startup .text.startup.*)
 .text.startup  0x0000000000400fe0       0xaf build_rs232/main.o
                0x0000000000400fe0                main
 *(.text.hot .text.hot.*)
 *(.text .stub .text.* .gnu.linkonce.t.*)
 *fill*         0x000000000040108f        0x1 
 .text          0x0000000000401090       0x2a /usr/lib/gcc/x86_64-linux-gnu/5/../../../x86_64-linux-gnu/crt1.o
                0x0000000000401090                _start
 .text          0x00000000004010ba        0x0 /usr/lib/gcc/x86_64-linux-gnu/5/../../../x86_64-linux-gnu/crti.o
 *fill*         0x00000000004010ba        0x6 
 .text          0x00000000004010c0       0xc6 /usr/lib/gcc/x86_64-linux-gnu/5/crtbegin.o
 .text          0x0000000000401186        0x0 build_rs232/main.o
 .text          0x0000000000401186     0x11a5 build_rs232/fontx.o
                0x0000000000401186                Fontx_addFont
                0x00000000004011c2                Fontx_init
                0x0000000000401203                Fontx_openFontxFile
                0x000000000040136a                Fontx_closeFontxFile
                0x000000000040139d                GetFontx
                0x00000000004018f7                Font2Bitmap
                0x0000000000401adc                UnderlineBitmap
                0x0000000000401b74                ReversBitmap
                0x0000000000401bf7                ShowFont
                0x0000000000401cd7                ShowBitmap
                0x0000000000401e1d                DumpFX
                0x0000000000402040                UTF2SJIS
                0x0000000000402129                String2SJIS
                0x00000000004022f3                RotateByte
 .text          0x000000000040232b     0x2050 build_rs232/ili9340.o
                0x000000000040232b                lcdWriteCommandByte
                0x000000000040236a                lcdWriteDataByte
                0x00000000004023a9                lcdWriteDataWord
                0x00000000004023e2                lcdWriteAddr
                0x000000000040245f                lcdWriteColor
                0x0000000000402547                lcdInit
                0x00000000004025f3                lcdLedOn
                0x000000000040260e                lcdLedOff
                0x0000000000402629                lcdReset
                0x00000000004026da                lcdSetup
                0x0000000000402948                lcdDrawPixel
                0x0000000000402a01                lcdDrawFillRect
                0x0000000000402b4c                lcdDisplayOff
                0x0000000000402b5d                lcdDisplayOn
                0x0000000000402b6e                lcdInversionOn
                0x0000000000402b7f                lcdFillScreen
                0x0000000000402bc2                lcdDrawLine
                0x0000000000402d1c                lcdDrawRect
                0x0000000000402db8                lcdDrawCircle
                0x0000000000402ee1                lcdDrawFillCircle
                0x0000000000403014                lcdDrawRoundRect
                0x000000000040329e                lcdDrawArrow
                0x00000000004034b2                lcdDrawFillArrow
                0x0000000000403819                rgb565_conv
                0x0000000000403855                lcdDrawSJISChar
                0x0000000000403fa5                lcdDrawUTF8Char
                0x0000000000404035                lcdDrawUTF8String
                0x0000000000404301                lcdSetFontDirection
                0x0000000000404319                lcdSetFontFill
                0x000000000040433a                lcdUnsetFontFill
                0x000000000040434a                lcdSetFontUnderLine
                0x000000000040436b                lcdUnsetFontUnderLine
 .text          0x000000000040437b      0x3ee build_rs232/gpio.o
                0x000000000040437b                gpio_export
                0x0000000000404420                gpio_unexport
                0x00000000004044c5                gpio_dir
                0x0000000000404588                gpio_dir_out
                0x00000000004045a4                gpio_dir_in
                0x00000000004045c0                gpio_value
                0x0000000000404683                gpioRead
 .text          0x0000000000404769      0x79f build_rs232/rs232.o
                0x0000000000404769                comEnumerate
                0x000000000040480f                comTerminate
                0x0000000000404883                comGetNoPorts
                0x000000000040488f                comFindPort
                0x00000000004048ee                comGetInternalName
                0x0000000000404941                comGetPortName
                0x0000000000404974                comOpen
                0x0000000000404b22                comClose
                0x0000000000404b8b                comCloseAll
                0x0000000000404bb8                comWrite
                0x0000000000404c37                comRead
                0x0000000000404cb6                _BaudFlag
                0x0000000000404e23                _AppendDevices
 *fill*         0x0000000000404f08        0x8 
 .text          0x0000000000404f10       0x72 /usr/lib/x86_64-linux-gnu/libc_nonshared.a(elf-init.oS)
                0x0000000000404f10                __libc_csu_init
                0x0000000000404f80                __libc_csu_fini
 .text          0x0000000000404f82        0x0 /usr/lib/gcc/x86_64-linux-gnu/5/crtend.o
 .text          0x0000000000404f82        0x0 /usr/lib/gcc/x86_64-linux-gnu/5/../../../x86_64-linux-gnu/crtn.o
 *(.gnu.warning)

.fini           0x0000000000404f84        0x9
 *(SORT(.fini))
 .fini          0x0000000000404f84        0x4 /usr/lib/gcc/x86_64-linux-gnu/5/../../../x86_64-linux-gnu/crti.o
                0x0000000000404f84                _fini
 .fini          0x0000000000404f88        0x5 /usr/lib/gcc/x86_64-linux-gnu/5/../../../x86_64-linux-gnu/crtn.o
                [!provide]                        PROVIDE (__etext, .)
                [!provide]                        PROVIDE (_etext, .)
                [!provide]                        PROVIDE (etext, .)

.rodata         0x0000000000404f90      0x3b0
 *(.rodata .rodata.* .gnu.linkonce.r.*)
 .rodata.cst4   0x0000000000404f90        0x4 /usr/lib/gcc/x86_64-linux-gnu/5/../../../x86_64-linux-gnu/crt1.o
                0x0000000000404f90                _IO_stdin_used
 .rodata.str1.1
                0x0000000000404f94       0x77 build_rs232/main.o
 *fill*         0x000000000040500b        0x5 
 .rodata.str1.8
                0x0000000000405010       0x20 build_rs232/main.o
 .rodata        0x0000000000405030      0x12b build_rs232/fontx.o
 *fill*         0x000000000040515b        0x5 
 .rodata        0x0000000000405160       0xc1 build_rs232/ili9340.o
 *fill*         0x0000000000405221        0x7 
 .rodata        0x0000000000405228       0xde build_rs232/gpio.o
 .rodata        0x0000000000405306       0x3a build_rs232/rs232.o

.rodata1
 *(.rodata1)

.eh_frame_hdr   0x0000000000405340      0x244
 *(.eh_frame_hdr)
 .eh_frame_hdr  0x0000000000405340      0x244 /usr/lib/gcc/x86_64-linux-gnu/5/../../../x86_64-linux-gnu/crt1.o
                0x0000000000405340                __GNU_EH_FRAME_HDR
 *(.eh_frame_entry .eh_frame_entry.*)

.eh_frame       0x0000000000405588      0x93c
 *(.eh_frame)
 .eh_frame      0x0000000000405588       0x30 /usr/lib/gcc/x86_64-linux-gnu/5/../../../x86_64-linux-gnu/crt1.o
 .eh_frame      0x00000000004055b8       0x40 /usr/lib/gcc/x86_64-linux-gnu/5/../../../x86_64-linux-gnu/crt1.o
 .eh_frame      0x00000000004055f8       0x20 build_rs232/main.o
                                         0x38 (size before relaxing)
 .eh_frame      0x0000000000405618      0x1c8 build_rs232/fontx.o
                                        0x1e0 (size before relaxing)
 .eh_frame      0x00000000004057e0      0x400 build_rs232/ili9340.o
                                        0x418 (size before relaxing)
 .eh_frame      0x0000000000405be0       0xe0 build_rs232/gpio.o
                                         0xf8 (size before relaxing)
 .eh_frame      0x0000000000405cc0      0x1a0 build_rs232/rs232.o
                                        0x1b8 (size before relaxing)
 .eh_frame      0x0000000000405e60       0x60 /usr/lib/x86_64-linux-gnu/libc_nonshared.a(elf-init.oS)
                                         0x78 (size before relaxing)
 .eh_frame      0x0000000000405ec0        0x4 /usr/lib/gcc/x86_64-linux-gnu/5/crtend.o
 *(.eh_frame.*)

.gcc_except_table
 *(.gcc_except_table .gcc_except_table.*)

.gnu_extab
 *(.gnu_extab*)

.exception_ranges
 *(.exception_ranges .exception_ranges*)
                0x0000000000606df0                . = DATA_SEGMENT_ALIGN (0x200000, 0x1000)

.eh_frame
 *(.eh_frame)
 *(.eh_frame.*)

.gnu_extab
 *(.gnu_extab)

.gcc_except_table
 *(.gcc_except_table .gcc_except_table.*)

.exception_ranges
 *(.exception_ranges .exception_ranges*)

.tdata
 *(.tdata .tdata.* .gnu.linkonce.td.*)

.tbss
 *(.tbss .tbss.* .gnu.linkonce.tb.*)
 *(.tcommon)

.preinit_array  0x0000000000606df0        0x0
                [!provide]                        PROVIDE (__preinit_array_start, .)
 *(.preinit_array)
                [!provide]                        PROVIDE (__preinit_array_end, .)

.init_array     0x0000000000606df0        0x8
                0x0000000000606df0                PROVIDE (__init_array_start, .)
 *(SORT(.init_array.*) SORT(.ctors.*))
 *(.init_array EXCLUDE_FILE(*crtend?.o *crtend.o *crtbegin?.o *crtbegin.o) .ctors)
 .init_array    0x0000000000606df0        0x8 /usr/lib/gcc/x86_64-linux-gnu/5/crtbegin.o
                0x0000000000606df8                PROVIDE (__init_array_end, .)

.fini_array     0x0000000000606df8        0x8
                [!provide]                        PROVIDE (__fini_array_start, .)
 *(SORT(.fini_array.*) SORT(.dtors.*))
 *(.fini_array EXCLUDE_FILE(*crtend?.o *crtend.o *crtbegin?.o *crtbegin.o) .dtors)
 .fini_array    0x0000000000606df8        0x8 /usr/lib/gcc/x86_64-linux-gnu/5/crtbegin.o
                [!provide]                        PROVIDE (__fini_array_end, .)

.ctors
 *crtbegin.o(.ctors)
 *crtbegin?.o(.ctors)
 *(EXCLUDE_FILE(*crtend?.o *crtend.o) .ctors)
 *(SORT(.ctors.*))
 *(.ctors)

.dtors
 *crtbegin.o(.dtors)
 *crtbegin?.o(.dtors)
 *(EXCLUDE_FILE(*crtend?.o *crtend.o) .dtors)
 *(SORT(.dtors.*))
 *(.dtors)

.jcr            0x0000000000606e00        0x8
 *(.jcr)
 .jcr           0x0000000000606e00        0x0 /usr/lib/gcc/x86_64-linux-gnu/5/crtbegin.o
 .jcr           0x0000000000606e00        0x8 /usr/lib/gcc/x86_64-linux-gnu/5/crtend.o

.data.rel.ro
 *(.data.rel.ro.local* .gnu.linkonce.d.rel.ro.local.*)
 *(.data.rel.ro .data.rel.ro.* .gnu.linkonce.d.rel.ro.*)

.dynamic        0x0000000000606e08      0x1f0
 *(.dynamic)
 .dynamic       0x0000000000606e08      0x1f0 /usr/lib/gcc/x86_64-linux-gnu/5/../../../x86_64-linux-gnu/crt1.o
                0x0000000000606e08                _DYNAMIC

.got            0x0000000000606ff8        0x8
 *(.got)
 .got           0x0000000000606ff8        0x8 /usr/lib/gcc/x86_64-linux-gnu/5/../../../x86_64-linux-gnu/crt1.o
 *(.igot)
                0x0000000000607fe8                . = DATA_SEGMENT_RELRO_END (., (SIZEOF (.got.plt) >= 0x18)?0x18:0x0)

.got.plt        0x0000000000607000      0x148
 *(.got.plt)
 .got.plt       0x0000000000607000      0x148 /usr/lib/gcc/x86_64-linux-gnu/5/../../../x86_64-linux-gnu/crt1.o
                0x0000000000607000                _GLOBAL_OFFSET_TABLE_
 *(.igot.plt)
 .igot.plt      0x0000000000607148        0x0 /usr/lib/gcc/x86_64-linux-gnu/5/../../../x86_64-linux-gnu/crt1.o

.data           0x0000000000607160       0x44
 *(.data .data.* .gnu.linkonce.d.*)
 .data          0x0000000000607160        0x4 /usr/lib/gcc/x86_64-linux-gnu/5/../../../x86_64-linux-gnu/crt1.o
                0x0000000000607160                data_start
                0x0000000000607160                __data_start
 .data          0x0000000000607164        0x0 /usr/lib/gcc/x86_64-linux-gnu/5/../../../x86_64-linux-gnu/crti.o
 *fill*         0x0000000000607164        0x4 
 .data          0x0000000000607168        0x8 /usr/lib/gcc/x86_64-linux-gnu/5/crtbegin.o
                0x0000000000607168                __dso_handle
 .data          0x0000000000607170        0x4 build_rs232/main.o
                0x0000000000607170                pin_no
 .data          0x0000000000607174        0x0 build_rs232/fontx.o
 .data          0x0000000000607174        0x0 build_rs232/ili9340.o
 .data          0x0000000000607174        0x0 build_rs232/gpio.o
 *fill*         0x0000000000607174        0xc 
 .data          0x0000000000607180       0x24 build_rs232/rs232.o
 .data          0x00000000006071a4        0x0 /usr/lib/x86_64-linux-gnu/libc_nonshared.a(elf-init.oS)
 .data          0x00000000006071a4        0x0 /usr/lib/gcc/x86_64-linux-gnu/5/crtend.o
 .data          0x00000000006071a4        0x0 /usr/lib/gcc/x86_64-linux-gnu/5/../../../x86_64-linux-gnu/crtn.o

.tm_clone_table
                0x00000000006071a8        0x0
 .tm_clone_table
                0x00000000006071a8        0x0 /usr/lib/gcc/x86_64-linux-gnu/5/crtbegin.o
 .tm_clone_table
                0x00000000006071a8        0x0 /usr/lib/gcc/x86_64-linux-gnu/5/crtend.o

.data1
 *(.data1)
                0x00000000006071a8                _edata = .
                [!provide]                        PROVIDE (edata, .)
                0x00000000006071a8                . = .
                0x00000000006071a8                __bss_start = .

.bss            0x00000000006071c0      0x4e0
 *(.dynbss)
 .dynbss        0x00000000006071c0        0x8 /usr/lib/gcc/x86_64-linux-gnu/5/../../../x86_64-linux-gnu/crt1.o
                0x00000000006071c0                stderr@@GLIBC_2.2.5
 *(.bss .bss.* .gnu.linkonce.b.*)
 .bss           0x00000000006071c8        0x0 /usr/lib/gcc/x86_64-linux-gnu/5/../../../x86_64-linux-gnu/crt1.o
 .bss           0x00000000006071c8        0x0 /usr/lib/gcc/x86_64-linux-gnu/5/../../../x86_64-linux-gnu/crti.o
 .bss           0x00000000006071c8        0x1 /usr/lib/gcc/x86_64-linux-gnu/5/crtbegin.o
 .bss           0x00000000006071c9        0x0 build_rs232/main.o
 .bss           0x00000000006071c9        0x0 build_rs232/fontx.o
 .bss           0x00000000006071c9        0x0 build_rs232/ili9340.o
 .bss           0x00000000006071c9        0x0 build_rs232/gpio.o
 *fill*         0x00000000006071c9       0x17 
 .bss           0x00000000006071e0      0x4a0 build_rs232/rs232.o
 .bss           0x0000000000607680        0x0 /usr/lib/x86_64-linux-gnu/libc_nonshared.a(elf-init.oS)
 .bss           0x0000000000607680        0x0 /usr/lib/gcc/x86_64-linux-gnu/5/crtend.o
 .bss           0x0000000000607680        0x0 /usr/lib/gcc/x86_64-linux-gnu/5/../../../x86_64-linux-gnu/crtn.o
 *(COMMON)
 COMMON         0x0000000000607680       0x1e build_rs232/ili9340.o
                0x0000000000607680                _width
                0x0000000000607684                _FONT_FILL_COLOR_
                0x0000000000607688                _offsetx
                0x000000000060768c                _FONT_FILL_
                0x0000000000607690                _height
                0x0000000000607694                _offsety
                0x0000000000607698                _FONT_DIRECTION_
                0x000000000060769a                _FONT_UNDER_LINE_
                0x000000000060769c                _FONT_UNDER_LINE_COLOR_
                0x00000000006076a0                . = ALIGN ((. != 0x0)?0x8:0x1)
 *fill*         0x000000000060769e        0x2 

.lbss
 *(.dynlbss)
 *(.lbss .lbss.* .gnu.linkonce.lb.*)
 *(LARGE_COMMON)
                0x00000000006076a0                . = ALIGN (0x8)
                0x00000000006076a0                . = SEGMENT_START ("ldata-segment", .)

.lrodata
 *(.lrodata .lrodata.* .gnu.linkonce.lr.*)

.ldata          0x0000000000a076a0        0x0
 *(.ldata .ldata.* .gnu.linkonce.l.*)
                0x0000000000a076a0                . = ALIGN ((. != 0x0)?0x8:0x1)
                0x0000000000a076a0                . = ALIGN (0x8)
                0x0000000000a076a0                _end = .
                [!provide]                        PROVIDE (end, .)
                0x0000000000a076a0                . = DATA_SEGMENT_END (.)

.stab
 *(.stab)

.stabstr
 *(.stabstr)

.stab.excl
 *(.stab.excl)

.stab.exclstr
 *(.stab.exclstr)

.stab.index
 *(.stab.index)

.stab.indexstr
 *(.stab.indexstr)

.comment        0x0000000000000000       0x35
 *(.comment)
 .comment       0x0000000000000000       0x35 /usr/lib/gcc/x86_64-linux-gnu/5/crtbegin.o
                                         0x36 (size before relaxing)
 .comment       0x0000000000000035       0x36 build_rs232/main.o
 .comment       0x0000000000000035       0x36 build_rs232/fontx.o
 .comment       0x0000000000000035       0x36 build_rs232/ili9340.o
 .comment       0x0000000000000035       0x36 build_rs232/gpio.o
 .comment       0x0000000000000035       0x36 build_rs232/rs232.o
 .comment       0x0000000000000035       0x36 /usr/lib/gcc/x86_64-linux-gnu/5/crtend.o

.debug
 *(.debug)

.line
 *(.line)

.debug_srcinfo
 *(.debug_srcinfo)

.debug_sfnames
 *(.debug_sfnames)

.debug_aranges  0x0000000000000000       0x30
 *(.debug_aranges)
 .debug_aranges
                0x0000000000000000       0x30 build_rs232/main.o

.debug_pubnames
 *(.debug_pubnames)

.debug_info     0x0000000000000000      0x543
 *(.debug_info .gnu.linkonce.wi.*)
 .debug_info    0x0000000000000000      0x543 build_rs232/main.o

.debug_abbrev   0x0000000000000000      0x171
 *(.debug_abbrev)
 .debug_abbrev  0x0000000000000000      0x171 build_rs232/main.o

.debug_line     0x0000000000000000      0x144
 *(.debug_line .debug_line.* .debug_line_end)
 .debug_line    0x0000000000000000      0x144 build_rs232/main.o

.debug_frame
 *(.debug_frame)

.debug_str      0x0000000000000000      0x2bc
 *(.debug_str)
 .debug_str     0x0000000000000000      0x2bc build_rs232/main.o
                                        0x2fd (size before relaxing)

.debug_loc      0x0000000000000000       0xcd
 *(.debug_loc)
 .debug_loc     0x0000000000000000       0xcd build_rs232/main.o

.debug_macinfo
 *(.debug_macinfo)

.debug_weaknames
 *(.debug_weaknames)

.debug_funcnames
 *(.debug_funcnames)

.debug_typenames
 *(.debug_typenames)

.debug_varnames
 *(.debug_varnames)

.debug_pubtypes
 *(.debug_pubtypes)

.debug_ranges   0x0000000000000000       0x20
 *(.debug_ranges)
 .debug_ranges  0x0000000000000000       0x20 build_rs232/main.o

.debug_macro
 *(.debug_macro)

.gnu.attributes
 *(.gnu.attributes)

/DISCARD/
 *(.note.GNU-stack)
 *(.gnu_debuglink)
 *(.gnu.lto_*)
OUTPUT(build_rs232/rs232 elf64-x86-64)
