Archive member included to satisfy reference by file (symbol)

/usr/lib/x86_64-linux-gnu/libc_nonshared.a(elf-init.oS)
                              /usr/lib/gcc/x86_64-linux-gnu/5/../../../x86_64-linux-gnu/crt1.o (__libc_csu_init)

As-needed library included to satisfy reference by file (symbol)

libpthread.so.0               build_rs232/gpio.o (write@@GLIBC_2.2.5)
libc.so.6                     build_rs232/main.o (__printf_chk@@GLIBC_2.3.4)

Discarded input sections

 .note.GNU-stack
                0x0000000000000000        0x0 /usr/lib/gcc/x86_64-linux-gnu/5/../../../x86_64-linux-gnu/crt1.o
 .note.GNU-stack
                0x0000000000000000        0x0 /usr/lib/gcc/x86_64-linux-gnu/5/../../../x86_64-linux-gnu/crti.o
 .note.GNU-stack
                0x0000000000000000        0x0 /usr/lib/gcc/x86_64-linux-gnu/5/crtbegin.o
 .note.GNU-stack
                0x0000000000000000        0x0 build_rs232/main.o
 .note.GNU-stack
                0x0000000000000000        0x0 build_rs232/gpio.o
 .note.GNU-stack
                0x0000000000000000        0x0 build_rs232/rs232.o
 .note.GNU-stack
                0x0000000000000000        0x0 /usr/lib/x86_64-linux-gnu/libc_nonshared.a(elf-init.oS)
 .note.GNU-stack
                0x0000000000000000        0x0 /usr/lib/gcc/x86_64-linux-gnu/5/crtend.o
 .note.GNU-stack
                0x0000000000000000        0x0 /usr/lib/gcc/x86_64-linux-gnu/5/../../../x86_64-linux-gnu/crtn.o

Memory Configuration

Name             Origin             Length             Attributes
*default*        0x0000000000000000 0xffffffffffffffff

Linker script and memory map

LOAD /usr/lib/gcc/x86_64-linux-gnu/5/../../../x86_64-linux-gnu/crt1.o
LOAD /usr/lib/gcc/x86_64-linux-gnu/5/../../../x86_64-linux-gnu/crti.o
LOAD /usr/lib/gcc/x86_64-linux-gnu/5/crtbegin.o
LOAD build_rs232/main.o
LOAD build_rs232/gpio.o
LOAD build_rs232/rs232.o
LOAD /usr/lib/gcc/x86_64-linux-gnu/5/../../../x86_64-linux-gnu/libpthread.so
START GROUP
LOAD /lib/x86_64-linux-gnu/libpthread.so.0
LOAD /usr/lib/x86_64-linux-gnu/libpthread_nonshared.a
END GROUP
LOAD /usr/lib/gcc/x86_64-linux-gnu/5/../../../x86_64-linux-gnu/librt.so
LOAD /usr/lib/gcc/x86_64-linux-gnu/5/libstdc++.so
LOAD /usr/lib/gcc/x86_64-linux-gnu/5/../../../x86_64-linux-gnu/libm.so
START GROUP
LOAD /lib/x86_64-linux-gnu/libm.so.6
LOAD /usr/lib/x86_64-linux-gnu/libmvec_nonshared.a
LOAD /lib/x86_64-linux-gnu/libmvec.so.1
END GROUP
LOAD /usr/lib/gcc/x86_64-linux-gnu/5/libgcc_s.so
LOAD /usr/lib/gcc/x86_64-linux-gnu/5/libgcc.a
LOAD /usr/lib/gcc/x86_64-linux-gnu/5/../../../x86_64-linux-gnu/libc.so
START GROUP
LOAD /lib/x86_64-linux-gnu/libc.so.6
LOAD /usr/lib/x86_64-linux-gnu/libc_nonshared.a
LOAD /lib/x86_64-linux-gnu/ld-linux-x86-64.so.2
END GROUP
LOAD /usr/lib/gcc/x86_64-linux-gnu/5/libgcc_s.so
LOAD /usr/lib/gcc/x86_64-linux-gnu/5/libgcc.a
LOAD /usr/lib/gcc/x86_64-linux-gnu/5/crtend.o
LOAD /usr/lib/gcc/x86_64-linux-gnu/5/../../../x86_64-linux-gnu/crtn.o
                [!provide]                        PROVIDE (__executable_start, 0x400000)
                0x0000000000400238                . = (0x400000 + SIZEOF_HEADERS)

.interp         0x0000000000400238       0x1c
 *(.interp)
 .interp        0x0000000000400238       0x1c /usr/lib/gcc/x86_64-linux-gnu/5/../../../x86_64-linux-gnu/crt1.o

.note.ABI-tag   0x0000000000400254       0x20
 .note.ABI-tag  0x0000000000400254       0x20 /usr/lib/gcc/x86_64-linux-gnu/5/../../../x86_64-linux-gnu/crt1.o

.note.gnu.build-id
                0x0000000000400274       0x24
 *(.note.gnu.build-id)
 .note.gnu.build-id
                0x0000000000400274       0x24 /usr/lib/gcc/x86_64-linux-gnu/5/../../../x86_64-linux-gnu/crt1.o

.hash
 *(.hash)

.gnu.hash       0x0000000000400298       0x24
 *(.gnu.hash)
 .gnu.hash      0x0000000000400298       0x24 /usr/lib/gcc/x86_64-linux-gnu/5/../../../x86_64-linux-gnu/crt1.o

.dynsym         0x00000000004002c0      0x348
 *(.dynsym)
 .dynsym        0x00000000004002c0      0x348 /usr/lib/gcc/x86_64-linux-gnu/5/../../../x86_64-linux-gnu/crt1.o

.dynstr         0x0000000000400608      0x188
 *(.dynstr)
 .dynstr        0x0000000000400608      0x188 /usr/lib/gcc/x86_64-linux-gnu/5/../../../x86_64-linux-gnu/crt1.o

.gnu.version    0x0000000000400790       0x46
 *(.gnu.version)
 .gnu.version   0x0000000000400790       0x46 /usr/lib/gcc/x86_64-linux-gnu/5/../../../x86_64-linux-gnu/crt1.o

.gnu.version_d  0x00000000004007d8        0x0
 *(.gnu.version_d)
 .gnu.version_d
                0x00000000004007d8        0x0 /usr/lib/gcc/x86_64-linux-gnu/5/../../../x86_64-linux-gnu/crt1.o

.gnu.version_r  0x00000000004007d8       0x60
 *(.gnu.version_r)
 .gnu.version_r
                0x00000000004007d8       0x60 /usr/lib/gcc/x86_64-linux-gnu/5/../../../x86_64-linux-gnu/crt1.o

.rela.dyn       0x0000000000400838       0x30
 *(.rela.init)
 *(.rela.text .rela.text.* .rela.gnu.linkonce.t.*)
 .rela.text     0x0000000000400838        0x0 /usr/lib/gcc/x86_64-linux-gnu/5/../../../x86_64-linux-gnu/crt1.o
 .rela.text.startup
                0x0000000000400838        0x0 /usr/lib/gcc/x86_64-linux-gnu/5/../../../x86_64-linux-gnu/crt1.o
 *(.rela.fini)
 *(.rela.rodata .rela.rodata.* .rela.gnu.linkonce.r.*)
 *(.rela.data .rela.data.* .rela.gnu.linkonce.d.*)
 *(.rela.tdata .rela.tdata.* .rela.gnu.linkonce.td.*)
 *(.rela.tbss .rela.tbss.* .rela.gnu.linkonce.tb.*)
 *(.rela.ctors)
 *(.rela.dtors)
 *(.rela.got)
 .rela.got      0x0000000000400838       0x18 /usr/lib/gcc/x86_64-linux-gnu/5/../../../x86_64-linux-gnu/crt1.o
 *(.rela.bss .rela.bss.* .rela.gnu.linkonce.b.*)
 .rela.bss      0x0000000000400850       0x18 /usr/lib/gcc/x86_64-linux-gnu/5/../../../x86_64-linux-gnu/crt1.o
 *(.rela.ldata .rela.ldata.* .rela.gnu.linkonce.l.*)
 *(.rela.lbss .rela.lbss.* .rela.gnu.linkonce.lb.*)
 *(.rela.lrodata .rela.lrodata.* .rela.gnu.linkonce.lr.*)
 *(.rela.ifunc)

.rela.plt       0x0000000000400868      0x2b8
 *(.rela.plt)
 .rela.plt      0x0000000000400868      0x2b8 /usr/lib/gcc/x86_64-linux-gnu/5/../../../x86_64-linux-gnu/crt1.o
                [!provide]                        PROVIDE (__rela_iplt_start, .)
 *(.rela.iplt)
 .rela.iplt     0x0000000000400b20        0x0 /usr/lib/gcc/x86_64-linux-gnu/5/../../../x86_64-linux-gnu/crt1.o
                [!provide]                        PROVIDE (__rela_iplt_end, .)

.init           0x0000000000400b20       0x1a
 *(SORT(.init))
 .init          0x0000000000400b20       0x15 /usr/lib/gcc/x86_64-linux-gnu/5/../../../x86_64-linux-gnu/crti.o
                0x0000000000400b20                _init
 .init          0x0000000000400b35        0x5 /usr/lib/gcc/x86_64-linux-gnu/5/../../../x86_64-linux-gnu/crtn.o

.plt            0x0000000000400b40      0x1e0
 *(.plt)
 .plt           0x0000000000400b40      0x1e0 /usr/lib/gcc/x86_64-linux-gnu/5/../../../x86_64-linux-gnu/crt1.o
                0x0000000000400b50                free@@GLIBC_2.2.5
                0x0000000000400b60                puts@@GLIBC_2.2.5
                0x0000000000400b70                tcdrain@@GLIBC_2.2.5
                0x0000000000400b80                write@@GLIBC_2.2.5
                0x0000000000400b90                opendir@@GLIBC_2.2.5
                0x0000000000400ba0                cfsetospeed@@GLIBC_2.2.5
                0x0000000000400bb0                strlen@@GLIBC_2.2.5
                0x0000000000400bc0                __stack_chk_fail@@GLIBC_2.4
                0x0000000000400bd0                printf@@GLIBC_2.2.5
                0x0000000000400be0                snprintf@@GLIBC_2.2.5
                0x0000000000400bf0                memset@@GLIBC_2.2.5
                0x0000000000400c00                close@@GLIBC_2.2.5
                0x0000000000400c10                closedir@@GLIBC_2.2.5
                0x0000000000400c20                read@@GLIBC_2.2.5
                0x0000000000400c30                __libc_start_main@@GLIBC_2.2.5
                0x0000000000400c40                memcmp@@GLIBC_2.2.5
                0x0000000000400c50                strcmp@@GLIBC_2.2.5
                0x0000000000400c60                fprintf@@GLIBC_2.2.5
                0x0000000000400c70                readdir@@GLIBC_2.2.5
                0x0000000000400c80                __printf_chk@@GLIBC_2.3.4
                0x0000000000400c90                tcgetattr@@GLIBC_2.2.5
                0x0000000000400ca0                tcsetattr@@GLIBC_2.2.5
                0x0000000000400cb0                open@@GLIBC_2.2.5
                0x0000000000400cc0                cfsetispeed@@GLIBC_2.2.5
                0x0000000000400cd0                perror@@GLIBC_2.2.5
                0x0000000000400ce0                atoi@@GLIBC_2.2.5
                0x0000000000400cf0                sprintf@@GLIBC_2.2.5
                0x0000000000400d00                strdup@@GLIBC_2.2.5
                0x0000000000400d10                sleep@@GLIBC_2.2.5
 *(.iplt)
 .iplt          0x0000000000400d20        0x0 /usr/lib/gcc/x86_64-linux-gnu/5/../../../x86_64-linux-gnu/crt1.o

.plt.got        0x0000000000400d20        0x8
 *(.plt.got)
 .plt.got       0x0000000000400d20        0x8 /usr/lib/gcc/x86_64-linux-gnu/5/../../../x86_64-linux-gnu/crt1.o

.plt.bnd
 *(.plt.bnd)

.text           0x0000000000400d30      0xd92
 *(.text.unlikely .text.*_unlikely .text.unlikely.*)
 .text.unlikely
                0x0000000000400d30        0x0 /usr/lib/gcc/x86_64-linux-gnu/5/crtbegin.o
 .text.unlikely
                0x0000000000400d30        0x0 build_rs232/main.o
 .text.unlikely
                0x0000000000400d30        0x0 /usr/lib/x86_64-linux-gnu/libc_nonshared.a(elf-init.oS)
 *(.text.exit .text.exit.*)
 *(.text.startup .text.startup.*)
 .text.startup  0x0000000000400d30       0x8d build_rs232/main.o
                0x0000000000400d30                main
 *(.text.hot .text.hot.*)
 *(.text .stub .text.* .gnu.linkonce.t.*)
 *fill*         0x0000000000400dbd        0x3 
 .text          0x0000000000400dc0       0x2a /usr/lib/gcc/x86_64-linux-gnu/5/../../../x86_64-linux-gnu/crt1.o
                0x0000000000400dc0                _start
 .text          0x0000000000400dea        0x0 /usr/lib/gcc/x86_64-linux-gnu/5/../../../x86_64-linux-gnu/crti.o
 *fill*         0x0000000000400dea        0x6 
 .text          0x0000000000400df0       0xc6 /usr/lib/gcc/x86_64-linux-gnu/5/crtbegin.o
 .text          0x0000000000400eb6        0x0 build_rs232/main.o
 .text          0x0000000000400eb6      0x3ee build_rs232/gpio.o
                0x0000000000400eb6                gpio_export
                0x0000000000400f5b                gpio_unexport
                0x0000000000401000                gpio_dir
                0x00000000004010c3                gpio_dir_out
                0x00000000004010df                gpio_dir_in
                0x00000000004010fb                gpio_value
                0x00000000004011be                gpioRead
 .text          0x00000000004012a4      0x79f build_rs232/rs232.o
                0x00000000004012a4                comEnumerate
                0x000000000040134a                comTerminate
                0x00000000004013be                comGetNoPorts
                0x00000000004013ca                comFindPort
                0x0000000000401429                comGetInternalName
                0x000000000040147c                comGetPortName
                0x00000000004014af                comOpen
                0x000000000040165d                comClose
                0x00000000004016c6                comCloseAll
                0x00000000004016f3                comWrite
                0x0000000000401772                comRead
                0x00000000004017f1                _BaudFlag
                0x000000000040195e                _AppendDevices
 *fill*         0x0000000000401a43        0xd 
 .text          0x0000000000401a50       0x72 /usr/lib/x86_64-linux-gnu/libc_nonshared.a(elf-init.oS)
                0x0000000000401a50                __libc_csu_init
                0x0000000000401ac0                __libc_csu_fini
 .text          0x0000000000401ac2        0x0 /usr/lib/gcc/x86_64-linux-gnu/5/crtend.o
 .text          0x0000000000401ac2        0x0 /usr/lib/gcc/x86_64-linux-gnu/5/../../../x86_64-linux-gnu/crtn.o
 *(.gnu.warning)

.fini           0x0000000000401ac4        0x9
 *(SORT(.fini))
 .fini          0x0000000000401ac4        0x4 /usr/lib/gcc/x86_64-linux-gnu/5/../../../x86_64-linux-gnu/crti.o
                0x0000000000401ac4                _fini
 .fini          0x0000000000401ac8        0x5 /usr/lib/gcc/x86_64-linux-gnu/5/../../../x86_64-linux-gnu/crtn.o
                [!provide]                        PROVIDE (__etext, .)
                [!provide]                        PROVIDE (_etext, .)
                [!provide]                        PROVIDE (etext, .)

.rodata         0x0000000000401ad0      0x1a8
 *(.rodata .rodata.* .gnu.linkonce.r.*)
 .rodata.cst4   0x0000000000401ad0        0x4 /usr/lib/gcc/x86_64-linux-gnu/5/../../../x86_64-linux-gnu/crt1.o
                0x0000000000401ad0                _IO_stdin_used
 .rodata.str1.1
                0x0000000000401ad4       0x66 build_rs232/main.o
 *fill*         0x0000000000401b3a        0x6 
 .rodata.str1.8
                0x0000000000401b40       0x20 build_rs232/main.o
 .rodata        0x0000000000401b60       0xde build_rs232/gpio.o
 .rodata        0x0000000000401c3e       0x3a build_rs232/rs232.o

.rodata1
 *(.rodata1)

.eh_frame_hdr   0x0000000000401c78       0xd4
 *(.eh_frame_hdr)
 .eh_frame_hdr  0x0000000000401c78       0xd4 /usr/lib/gcc/x86_64-linux-gnu/5/../../../x86_64-linux-gnu/crt1.o
                0x0000000000401c78                __GNU_EH_FRAME_HDR
 *(.eh_frame_entry .eh_frame_entry.*)

.eh_frame       0x0000000000401d50      0x374
 *(.eh_frame)
 .eh_frame      0x0000000000401d50       0x30 /usr/lib/gcc/x86_64-linux-gnu/5/../../../x86_64-linux-gnu/crt1.o
 .eh_frame      0x0000000000401d80       0x40 /usr/lib/gcc/x86_64-linux-gnu/5/../../../x86_64-linux-gnu/crt1.o
 .eh_frame      0x0000000000401dc0       0x20 build_rs232/main.o
                                         0x38 (size before relaxing)
 .eh_frame      0x0000000000401de0       0xe0 build_rs232/gpio.o
                                         0xf8 (size before relaxing)
 .eh_frame      0x0000000000401ec0      0x1a0 build_rs232/rs232.o
                                        0x1b8 (size before relaxing)
 .eh_frame      0x0000000000402060       0x60 /usr/lib/x86_64-linux-gnu/libc_nonshared.a(elf-init.oS)
                                         0x78 (size before relaxing)
 .eh_frame      0x00000000004020c0        0x4 /usr/lib/gcc/x86_64-linux-gnu/5/crtend.o
 *(.eh_frame.*)

.gcc_except_table
 *(.gcc_except_table .gcc_except_table.*)

.gnu_extab
 *(.gnu_extab*)

.exception_ranges
 *(.exception_ranges .exception_ranges*)
                0x0000000000602e00                . = DATA_SEGMENT_ALIGN (0x200000, 0x1000)

.eh_frame
 *(.eh_frame)
 *(.eh_frame.*)

.gnu_extab
 *(.gnu_extab)

.gcc_except_table
 *(.gcc_except_table .gcc_except_table.*)

.exception_ranges
 *(.exception_ranges .exception_ranges*)

.tdata
 *(.tdata .tdata.* .gnu.linkonce.td.*)

.tbss
 *(.tbss .tbss.* .gnu.linkonce.tb.*)
 *(.tcommon)

.preinit_array  0x0000000000602e00        0x0
                [!provide]                        PROVIDE (__preinit_array_start, .)
 *(.preinit_array)
                [!provide]                        PROVIDE (__preinit_array_end, .)

.init_array     0x0000000000602e00        0x8
                0x0000000000602e00                PROVIDE (__init_array_start, .)
 *(SORT(.init_array.*) SORT(.ctors.*))
 *(.init_array EXCLUDE_FILE(*crtend?.o *crtend.o *crtbegin?.o *crtbegin.o) .ctors)
 .init_array    0x0000000000602e00        0x8 /usr/lib/gcc/x86_64-linux-gnu/5/crtbegin.o
                0x0000000000602e08                PROVIDE (__init_array_end, .)

.fini_array     0x0000000000602e08        0x8
                [!provide]                        PROVIDE (__fini_array_start, .)
 *(SORT(.fini_array.*) SORT(.dtors.*))
 *(.fini_array EXCLUDE_FILE(*crtend?.o *crtend.o *crtbegin?.o *crtbegin.o) .dtors)
 .fini_array    0x0000000000602e08        0x8 /usr/lib/gcc/x86_64-linux-gnu/5/crtbegin.o
                [!provide]                        PROVIDE (__fini_array_end, .)

.ctors
 *crtbegin.o(.ctors)
 *crtbegin?.o(.ctors)
 *(EXCLUDE_FILE(*crtend?.o *crtend.o) .ctors)
 *(SORT(.ctors.*))
 *(.ctors)

.dtors
 *crtbegin.o(.dtors)
 *crtbegin?.o(.dtors)
 *(EXCLUDE_FILE(*crtend?.o *crtend.o) .dtors)
 *(SORT(.dtors.*))
 *(.dtors)

.jcr            0x0000000000602e10        0x8
 *(.jcr)
 .jcr           0x0000000000602e10        0x0 /usr/lib/gcc/x86_64-linux-gnu/5/crtbegin.o
 .jcr           0x0000000000602e10        0x8 /usr/lib/gcc/x86_64-linux-gnu/5/crtend.o

.data.rel.ro
 *(.data.rel.ro.local* .gnu.linkonce.d.rel.ro.local.*)
 *(.data.rel.ro .data.rel.ro.* .gnu.linkonce.d.rel.ro.*)

.dynamic        0x0000000000602e18      0x1e0
 *(.dynamic)
 .dynamic       0x0000000000602e18      0x1e0 /usr/lib/gcc/x86_64-linux-gnu/5/../../../x86_64-linux-gnu/crt1.o
                0x0000000000602e18                _DYNAMIC

.got            0x0000000000602ff8        0x8
 *(.got)
 .got           0x0000000000602ff8        0x8 /usr/lib/gcc/x86_64-linux-gnu/5/../../../x86_64-linux-gnu/crt1.o
 *(.igot)
                0x0000000000603fe8                . = DATA_SEGMENT_RELRO_END (., (SIZEOF (.got.plt) >= 0x18)?0x18:0x0)

.got.plt        0x0000000000603000      0x100
 *(.got.plt)
 .got.plt       0x0000000000603000      0x100 /usr/lib/gcc/x86_64-linux-gnu/5/../../../x86_64-linux-gnu/crt1.o
                0x0000000000603000                _GLOBAL_OFFSET_TABLE_
 *(.igot.plt)
 .igot.plt      0x0000000000603100        0x0 /usr/lib/gcc/x86_64-linux-gnu/5/../../../x86_64-linux-gnu/crt1.o

.data           0x0000000000603100       0x44
 *(.data .data.* .gnu.linkonce.d.*)
 .data          0x0000000000603100        0x4 /usr/lib/gcc/x86_64-linux-gnu/5/../../../x86_64-linux-gnu/crt1.o
                0x0000000000603100                data_start
                0x0000000000603100                __data_start
 .data          0x0000000000603104        0x0 /usr/lib/gcc/x86_64-linux-gnu/5/../../../x86_64-linux-gnu/crti.o
 *fill*         0x0000000000603104        0x4 
 .data          0x0000000000603108        0x8 /usr/lib/gcc/x86_64-linux-gnu/5/crtbegin.o
                0x0000000000603108                __dso_handle
 .data          0x0000000000603110        0x4 build_rs232/main.o
                0x0000000000603110                pin_no
 .data          0x0000000000603114        0x0 build_rs232/gpio.o
 *fill*         0x0000000000603114        0xc 
 .data          0x0000000000603120       0x24 build_rs232/rs232.o
 .data          0x0000000000603144        0x0 /usr/lib/x86_64-linux-gnu/libc_nonshared.a(elf-init.oS)
 .data          0x0000000000603144        0x0 /usr/lib/gcc/x86_64-linux-gnu/5/crtend.o
 .data          0x0000000000603144        0x0 /usr/lib/gcc/x86_64-linux-gnu/5/../../../x86_64-linux-gnu/crtn.o

.tm_clone_table
                0x0000000000603148        0x0
 .tm_clone_table
                0x0000000000603148        0x0 /usr/lib/gcc/x86_64-linux-gnu/5/crtbegin.o
 .tm_clone_table
                0x0000000000603148        0x0 /usr/lib/gcc/x86_64-linux-gnu/5/crtend.o

.data1
 *(.data1)
                0x0000000000603148                _edata = .
                [!provide]                        PROVIDE (edata, .)
                0x0000000000603148                . = .
                0x0000000000603148                __bss_start = .

.bss            0x0000000000603160      0x4c0
 *(.dynbss)
 .dynbss        0x0000000000603160        0x8 /usr/lib/gcc/x86_64-linux-gnu/5/../../../x86_64-linux-gnu/crt1.o
                0x0000000000603160                stderr@@GLIBC_2.2.5
 *(.bss .bss.* .gnu.linkonce.b.*)
 .bss           0x0000000000603168        0x0 /usr/lib/gcc/x86_64-linux-gnu/5/../../../x86_64-linux-gnu/crt1.o
 .bss           0x0000000000603168        0x0 /usr/lib/gcc/x86_64-linux-gnu/5/../../../x86_64-linux-gnu/crti.o
 .bss           0x0000000000603168        0x1 /usr/lib/gcc/x86_64-linux-gnu/5/crtbegin.o
 .bss           0x0000000000603169        0x0 build_rs232/main.o
 .bss           0x0000000000603169        0x0 build_rs232/gpio.o
 *fill*         0x0000000000603169       0x17 
 .bss           0x0000000000603180      0x4a0 build_rs232/rs232.o
 .bss           0x0000000000603620        0x0 /usr/lib/x86_64-linux-gnu/libc_nonshared.a(elf-init.oS)
 .bss           0x0000000000603620        0x0 /usr/lib/gcc/x86_64-linux-gnu/5/crtend.o
 .bss           0x0000000000603620        0x0 /usr/lib/gcc/x86_64-linux-gnu/5/../../../x86_64-linux-gnu/crtn.o
 *(COMMON)
                0x0000000000603620                . = ALIGN ((. != 0x0)?0x8:0x1)

.lbss
 *(.dynlbss)
 *(.lbss .lbss.* .gnu.linkonce.lb.*)
 *(LARGE_COMMON)
                0x0000000000603620                . = ALIGN (0x8)
                0x0000000000603620                . = SEGMENT_START ("ldata-segment", .)

.lrodata
 *(.lrodata .lrodata.* .gnu.linkonce.lr.*)

.ldata          0x0000000000a03620        0x0
 *(.ldata .ldata.* .gnu.linkonce.l.*)
                0x0000000000a03620                . = ALIGN ((. != 0x0)?0x8:0x1)
                0x0000000000a03620                . = ALIGN (0x8)
                0x0000000000a03620                _end = .
                [!provide]                        PROVIDE (end, .)
                0x0000000000a03620                . = DATA_SEGMENT_END (.)

.stab
 *(.stab)

.stabstr
 *(.stabstr)

.stab.excl
 *(.stab.excl)

.stab.exclstr
 *(.stab.exclstr)

.stab.index
 *(.stab.index)

.stab.indexstr
 *(.stab.indexstr)

.comment        0x0000000000000000       0x35
 *(.comment)
 .comment       0x0000000000000000       0x35 /usr/lib/gcc/x86_64-linux-gnu/5/crtbegin.o
                                         0x36 (size before relaxing)
 .comment       0x0000000000000035       0x36 build_rs232/main.o
 .comment       0x0000000000000035       0x36 build_rs232/gpio.o
 .comment       0x0000000000000035       0x36 build_rs232/rs232.o
 .comment       0x0000000000000035       0x36 /usr/lib/gcc/x86_64-linux-gnu/5/crtend.o

.debug
 *(.debug)

.line
 *(.line)

.debug_srcinfo
 *(.debug_srcinfo)

.debug_sfnames
 *(.debug_sfnames)

.debug_aranges  0x0000000000000000       0x30
 *(.debug_aranges)
 .debug_aranges
                0x0000000000000000       0x30 build_rs232/main.o

.debug_pubnames
 *(.debug_pubnames)

.debug_info     0x0000000000000000      0x4b9
 *(.debug_info .gnu.linkonce.wi.*)
 .debug_info    0x0000000000000000      0x4b9 build_rs232/main.o

.debug_abbrev   0x0000000000000000      0x171
 *(.debug_abbrev)
 .debug_abbrev  0x0000000000000000      0x171 build_rs232/main.o

.debug_line     0x0000000000000000      0x127
 *(.debug_line .debug_line.* .debug_line_end)
 .debug_line    0x0000000000000000      0x127 build_rs232/main.o

.debug_frame
 *(.debug_frame)

.debug_str      0x0000000000000000      0x2bc
 *(.debug_str)
 .debug_str     0x0000000000000000      0x2bc build_rs232/main.o
                                        0x2fd (size before relaxing)

.debug_loc      0x0000000000000000       0x75
 *(.debug_loc)
 .debug_loc     0x0000000000000000       0x75 build_rs232/main.o

.debug_macinfo
 *(.debug_macinfo)

.debug_weaknames
 *(.debug_weaknames)

.debug_funcnames
 *(.debug_funcnames)

.debug_typenames
 *(.debug_typenames)

.debug_varnames
 *(.debug_varnames)

.debug_pubtypes
 *(.debug_pubtypes)

.debug_ranges   0x0000000000000000       0x20
 *(.debug_ranges)
 .debug_ranges  0x0000000000000000       0x20 build_rs232/main.o

.debug_macro
 *(.debug_macro)

.gnu.attributes
 *(.gnu.attributes)

/DISCARD/
 *(.note.GNU-stack)
 *(.gnu_debuglink)
 *(.gnu.lto_*)
OUTPUT(build_rs232/rs232 elf64-x86-64)
